2026-09-21 18:08:29,414 INFO SeatWise engine 1.0.0, OR-Tools 9.15.6755, 12 CPU threads
2026-09-21 18:08:29,414 INFO Tuning the per-hall budget on ['m-600', 'l-1000'] with seeds [31, 32]
2026-09-21 18:08:31,502 INFO Plan solved
2026-09-21 18:08:31,506 INFO m-600       SeatWise       seed=31    2.08s same_paper=0     roll=0    access=0   dept=106
2026-09-21 18:08:33,487 INFO Plan solved
2026-09-21 18:08:33,491 INFO m-600       SeatWise       seed=32    1.98s same_paper=0     roll=0    access=0   dept=97
2026-09-21 18:08:38,340 INFO Plan solved
2026-09-21 18:08:38,347 INFO l-1000      SeatWise       seed=31    4.85s same_paper=0     roll=0    access=0   dept=141
2026-09-21 18:08:44,301 INFO Plan solved
2026-09-21 18:08:44,307 INFO l-1000      SeatWise       seed=32    5.95s same_paper=0     roll=0    access=0   dept=165
2026-09-21 18:08:46,659 INFO Plan solved
2026-09-21 18:08:46,663 INFO m-600       SeatWise       seed=31    2.35s same_paper=0     roll=0    access=0   dept=97
2026-09-21 18:08:49,144 INFO Plan solved
2026-09-21 18:08:49,152 INFO m-600       SeatWise       seed=32    2.48s same_paper=0     roll=0    access=0   dept=97
2026-09-21 18:08:51,838 INFO Plan solved
2026-09-21 18:08:51,845 INFO l-1000      SeatWise       seed=31    2.69s same_paper=0     roll=0    access=0   dept=141
2026-09-21 18:08:54,866 INFO Plan solved
2026-09-21 18:08:54,871 INFO l-1000      SeatWise       seed=32    3.02s same_paper=0     roll=0    access=0   dept=158
2026-09-21 18:08:58,338 INFO Plan solved
2026-09-21 18:08:58,343 INFO m-600       SeatWise       seed=31    3.47s same_paper=0     roll=0    access=0   dept=87
2026-09-21 18:09:01,558 INFO Plan solved
2026-09-21 18:09:01,562 INFO m-600       SeatWise       seed=32    3.22s same_paper=0     roll=0    access=0   dept=96
2026-09-21 18:09:05,346 INFO Plan solved
2026-09-21 18:09:05,356 INFO l-1000      SeatWise       seed=31    3.79s same_paper=0     roll=0    access=0   dept=137
2026-09-21 18:09:09,126 INFO Plan solved
2026-09-21 18:09:09,131 INFO l-1000      SeatWise       seed=32    3.77s same_paper=0     roll=0    access=0   dept=157
2026-09-21 18:09:13,830 INFO Plan solved
2026-09-21 18:09:13,835 INFO m-600       SeatWise       seed=31    4.70s same_paper=0     roll=0    access=0   dept=79
2026-09-21 18:09:18,013 INFO Plan solved
2026-09-21 18:09:18,016 INFO m-600       SeatWise       seed=32    4.18s same_paper=0     roll=0    access=0   dept=96
2026-09-21 18:09:23,025 INFO Plan solved
2026-09-21 18:09:23,031 INFO l-1000      SeatWise       seed=31    5.01s same_paper=0     roll=0    access=0   dept=137
2026-09-21 18:09:29,195 INFO Plan solved
2026-09-21 18:09:29,203 INFO l-1000      SeatWise       seed=32    6.16s same_paper=0     roll=0    access=0   dept=152
2026-09-21 18:09:35,568 INFO Plan solved
2026-09-21 18:09:35,573 INFO m-600       SeatWise       seed=31    6.37s same_paper=0     roll=0    access=0   dept=79
2026-09-21 18:09:41,032 INFO Plan solved
2026-09-21 18:09:41,037 INFO m-600       SeatWise       seed=32    5.46s same_paper=0     roll=0    access=0   dept=92
2026-09-21 18:09:48,029 INFO Plan solved
2026-09-21 18:09:48,036 INFO l-1000      SeatWise       seed=31    6.99s same_paper=0     roll=0    access=0   dept=135
2026-09-21 18:09:55,519 INFO Plan solved
2026-09-21 18:09:55,527 INFO l-1000      SeatWise       seed=32    7.48s same_paper=0     roll=0    access=0   dept=150
2026-09-21 18:09:55,800 INFO Chosen per-hall budget: 0.15
2026-09-21 18:09:57,258 INFO Plan solved
2026-09-21 18:09:57,258 INFO xs-150      SeatWise       seed=11    1.44s same_paper=0     roll=0    access=0   dept=22
2026-09-21 18:09:58,329 INFO Plan solved
2026-09-21 18:09:58,330 INFO xs-150      SeatWise       seed=12    1.07s same_paper=0     roll=0    access=0   dept=24
2026-09-21 18:09:59,582 INFO Plan solved
2026-09-21 18:09:59,583 INFO xs-150      SeatWise       seed=13    1.25s same_paper=0     roll=0    access=0   dept=23
2026-09-21 18:09:59,586 INFO xs-150      Sequential     seed=11    0.00s same_paper=307   roll=122  access=3   dept=405
2026-09-21 18:09:59,590 INFO xs-150      Sequential     seed=12    0.00s same_paper=307   roll=122  access=3   dept=405
2026-09-21 18:09:59,594 INFO xs-150      Sequential     seed=13    0.00s same_paper=307   roll=122  access=3   dept=405
2026-09-21 18:09:59,596 INFO xs-150      Round-robin    seed=11    0.00s same_paper=41    roll=44   access=3   dept=93
2026-09-21 18:09:59,598 INFO xs-150      Round-robin    seed=12    0.00s same_paper=41    roll=44   access=3   dept=93
2026-09-21 18:09:59,600 INFO xs-150      Round-robin    seed=13    0.00s same_paper=41    roll=44   access=3   dept=93
2026-09-21 18:09:59,603 INFO xs-150      Random shuffle seed=11    0.00s same_paper=102   roll=15   access=3   dept=150
2026-09-21 18:09:59,607 INFO xs-150      Random shuffle seed=12    0.00s same_paper=118   roll=22   access=3   dept=155
2026-09-21 18:09:59,611 INFO xs-150      Random shuffle seed=13    0.00s same_paper=128   roll=27   access=3   dept=187
2026-09-21 18:10:01,583 INFO Plan solved
2026-09-21 18:10:01,585 INFO s-300       SeatWise       seed=11    1.97s same_paper=0     roll=0    access=0   dept=8
2026-09-21 18:10:03,642 INFO Plan solved
2026-09-21 18:10:03,644 INFO s-300       SeatWise       seed=12    2.06s same_paper=0     roll=0    access=0   dept=8
2026-09-21 18:10:05,710 INFO Plan solved
2026-09-21 18:10:05,712 INFO s-300       SeatWise       seed=13    2.07s same_paper=0     roll=0    access=0   dept=4
2026-09-21 18:10:05,717 INFO s-300       Sequential     seed=11    0.00s same_paper=648   roll=231  access=3   dept=803
2026-09-21 18:10:05,722 INFO s-300       Sequential     seed=12    0.00s same_paper=648   roll=231  access=3   dept=803
2026-09-21 18:10:05,727 INFO s-300       Sequential     seed=13    0.00s same_paper=648   roll=231  access=3   dept=803
2026-09-21 18:10:05,730 INFO s-300       Round-robin    seed=11    0.00s same_paper=63    roll=56   access=3   dept=111
2026-09-21 18:10:05,734 INFO s-300       Round-robin    seed=12    0.00s same_paper=63    roll=56   access=3   dept=111
2026-09-21 18:10:05,738 INFO s-300       Round-robin    seed=13    0.00s same_paper=63    roll=56   access=3   dept=111
2026-09-21 18:10:05,745 INFO s-300       Random shuffle seed=11    0.00s same_paper=162   roll=20   access=3   dept=208
2026-09-21 18:10:05,750 INFO s-300       Random shuffle seed=12    0.00s same_paper=167   roll=19   access=3   dept=219
2026-09-21 18:10:05,755 INFO s-300       Random shuffle seed=13    0.00s same_paper=184   roll=25   access=3   dept=236
2026-09-21 18:10:08,062 INFO Plan solved
2026-09-21 18:10:08,069 INFO m-600       SeatWise       seed=11    2.31s same_paper=0     roll=0    access=0   dept=103
2026-09-21 18:10:10,459 INFO Plan solved
2026-09-21 18:10:10,462 INFO m-600       SeatWise       seed=12    2.39s same_paper=0     roll=0    access=0   dept=91
2026-09-21 18:10:12,834 INFO Plan solved
2026-09-21 18:10:12,839 INFO m-600       SeatWise       seed=13    2.37s same_paper=0     roll=0    access=0   dept=132
2026-09-21 18:10:12,848 INFO m-600       Sequential     seed=11    0.00s same_paper=1253  roll=453  access=6   dept=1648
2026-09-21 18:10:12,857 INFO m-600       Sequential     seed=12    0.00s same_paper=1253  roll=453  access=6   dept=1648
2026-09-21 18:10:12,865 INFO m-600       Sequential     seed=13    0.00s same_paper=1253  roll=453  access=6   dept=1648
2026-09-21 18:10:12,874 INFO m-600       Round-robin    seed=11    0.00s same_paper=281   roll=198  access=7   dept=324
2026-09-21 18:10:12,880 INFO m-600       Round-robin    seed=12    0.00s same_paper=281   roll=198  access=7   dept=324
2026-09-21 18:10:12,888 INFO m-600       Round-robin    seed=13    0.00s same_paper=281   roll=198  access=7   dept=324
2026-09-21 18:10:12,895 INFO m-600       Random shuffle seed=11    0.00s same_paper=273   roll=28   access=7   dept=378
2026-09-21 18:10:12,901 INFO m-600       Random shuffle seed=12    0.00s same_paper=258   roll=16   access=6   dept=356
2026-09-21 18:10:12,910 INFO m-600       Random shuffle seed=13    0.00s same_paper=263   roll=25   access=7   dept=364
2026-09-21 18:10:15,557 INFO Plan solved
2026-09-21 18:10:15,563 INFO l-1000      SeatWise       seed=11    2.65s same_paper=0     roll=0    access=0   dept=184
2026-09-21 18:10:18,024 INFO Plan solved
2026-09-21 18:10:18,032 INFO l-1000      SeatWise       seed=12    2.46s same_paper=0     roll=0    access=0   dept=200
2026-09-21 18:10:20,582 INFO Plan solved
2026-09-21 18:10:20,588 INFO l-1000      SeatWise       seed=13    2.55s same_paper=0     roll=0    access=0   dept=187
2026-09-21 18:10:20,598 INFO l-1000      Sequential     seed=11    0.00s same_paper=1954  roll=755  access=11  dept=2801
2026-09-21 18:10:20,612 INFO l-1000      Sequential     seed=12    0.00s same_paper=1954  roll=755  access=11  dept=2801
2026-09-21 18:10:20,624 INFO l-1000      Sequential     seed=13    0.00s same_paper=1954  roll=755  access=11  dept=2801
2026-09-21 18:10:20,634 INFO l-1000      Round-robin    seed=11    0.00s same_paper=607   roll=408  access=12  dept=687
2026-09-21 18:10:20,644 INFO l-1000      Round-robin    seed=12    0.00s same_paper=607   roll=408  access=12  dept=687
2026-09-21 18:10:20,655 INFO l-1000      Round-robin    seed=13    0.00s same_paper=607   roll=408  access=12  dept=687
2026-09-21 18:10:20,664 INFO l-1000      Random shuffle seed=11    0.00s same_paper=387   roll=28   access=11  dept=636
2026-09-21 18:10:20,673 INFO l-1000      Random shuffle seed=12    0.00s same_paper=374   roll=15   access=12  dept=610
2026-09-21 18:10:20,682 INFO l-1000      Random shuffle seed=13    0.00s same_paper=366   roll=21   access=12  dept=606
2026-09-21 18:10:25,354 INFO Plan solved
2026-09-21 18:10:25,367 INFO xl-2000     SeatWise       seed=11    4.67s same_paper=0     roll=0    access=0   dept=642
2026-09-21 18:10:30,242 INFO Plan solved
2026-09-21 18:10:30,254 INFO xl-2000     SeatWise       seed=12    4.87s same_paper=0     roll=0    access=0   dept=583
2026-09-21 18:10:35,011 INFO Plan solved
2026-09-21 18:10:35,023 INFO xl-2000     SeatWise       seed=13    4.76s same_paper=0     roll=0    access=0   dept=567
2026-09-21 18:10:35,048 INFO xl-2000     Sequential     seed=11    0.01s same_paper=3299  roll=1528 access=16  dept=5768
2026-09-21 18:10:35,077 INFO xl-2000     Sequential     seed=12    0.00s same_paper=3299  roll=1528 access=16  dept=5768
2026-09-21 18:10:35,098 INFO xl-2000     Sequential     seed=13    0.00s same_paper=3299  roll=1528 access=16  dept=5768
2026-09-21 18:10:35,116 INFO xl-2000     Round-robin    seed=11    0.00s same_paper=511   roll=351  access=16  dept=932
2026-09-21 18:10:35,135 INFO xl-2000     Round-robin    seed=12    0.00s same_paper=511   roll=351  access=16  dept=932
2026-09-21 18:10:35,152 INFO xl-2000     Round-robin    seed=13    0.00s same_paper=511   roll=351  access=16  dept=932
2026-09-21 18:10:35,169 INFO xl-2000     Random shuffle seed=11    0.00s same_paper=503   roll=20   access=16  dept=1002
2026-09-21 18:10:35,185 INFO xl-2000     Random shuffle seed=12    0.00s same_paper=490   roll=16   access=16  dept=997
2026-09-21 18:10:35,203 INFO xl-2000     Random shuffle seed=13    0.00s same_paper=477   roll=18   access=15  dept=1026
2026-09-21 18:10:41,340 INFO Plan solved
2026-09-21 18:10:41,342 INFO m-600-adj4  SeatWise       seed=11    6.14s same_paper=0     roll=0    access=0   dept=3
2026-09-21 18:10:47,235 INFO Plan solved
2026-09-21 18:10:47,238 INFO m-600-adj4  SeatWise       seed=12    5.89s same_paper=0     roll=0    access=0   dept=0
2026-09-21 18:10:53,278 INFO Plan solved
2026-09-21 18:10:53,281 INFO m-600-adj4  SeatWise       seed=13    6.04s same_paper=0     roll=0    access=0   dept=33
2026-09-21 18:10:53,288 INFO m-600-adj4  Sequential     seed=11    0.00s same_paper=704   roll=453  access=6   dept=924
2026-09-21 18:10:53,295 INFO m-600-adj4  Sequential     seed=12    0.00s same_paper=704   roll=453  access=6   dept=924
2026-09-21 18:10:53,302 INFO m-600-adj4  Sequential     seed=13    0.00s same_paper=704   roll=453  access=6   dept=924
2026-09-21 18:10:53,308 INFO m-600-adj4  Round-robin    seed=11    0.00s same_paper=216   roll=166  access=7   dept=233
2026-09-21 18:10:53,313 INFO m-600-adj4  Round-robin    seed=12    0.00s same_paper=216   roll=166  access=7   dept=233
2026-09-21 18:10:53,318 INFO m-600-adj4  Round-robin    seed=13    0.00s same_paper=216   roll=166  access=7   dept=233
2026-09-21 18:10:53,325 INFO m-600-adj4  Random shuffle seed=11    0.00s same_paper=154   roll=15   access=7   dept=212
2026-09-21 18:10:53,329 INFO m-600-adj4  Random shuffle seed=12    0.00s same_paper=144   roll=7    access=6   dept=201
2026-09-21 18:10:53,335 INFO m-600-adj4  Random shuffle seed=13    0.00s same_paper=138   roll=14   access=7   dept=203
2026-09-21 18:10:55,622 INFO Plan solved
2026-09-21 18:10:55,623 INFO m-600-gap0  SeatWise       seed=11    2.29s same_paper=0     roll=0    access=0   dept=105
2026-09-21 18:10:57,975 INFO Plan solved
2026-09-21 18:10:57,977 INFO m-600-gap0  SeatWise       seed=12    2.35s same_paper=0     roll=0    access=0   dept=90
2026-09-21 18:11:00,278 INFO Plan solved
2026-09-21 18:11:00,280 INFO m-600-gap0  SeatWise       seed=13    2.30s same_paper=0     roll=0    access=0   dept=128
2026-09-21 18:11:00,284 INFO m-600-gap0  Sequential     seed=11    0.00s same_paper=1253  roll=0    access=6   dept=1648
2026-09-21 18:11:00,291 INFO m-600-gap0  Sequential     seed=12    0.00s same_paper=1253  roll=0    access=6   dept=1648
2026-09-21 18:11:00,296 INFO m-600-gap0  Sequential     seed=13    0.00s same_paper=1253  roll=0    access=6   dept=1648
2026-09-21 18:11:00,301 INFO m-600-gap0  Round-robin    seed=11    0.00s same_paper=281   roll=0    access=7   dept=324
2026-09-21 18:11:00,306 INFO m-600-gap0  Round-robin    seed=12    0.00s same_paper=281   roll=0    access=7   dept=324
2026-09-21 18:11:00,311 INFO m-600-gap0  Round-robin    seed=13    0.00s same_paper=281   roll=0    access=7   dept=324
2026-09-21 18:11:00,316 INFO m-600-gap0  Random shuffle seed=11    0.00s same_paper=273   roll=0    access=7   dept=378
2026-09-21 18:11:00,321 INFO m-600-gap0  Random shuffle seed=12    0.00s same_paper=258   roll=0    access=6   dept=356
2026-09-21 18:11:00,327 INFO m-600-gap0  Random shuffle seed=13    0.00s same_paper=263   roll=0    access=7   dept=364
2026-09-21 18:11:02,656 INFO Plan solved
2026-09-21 18:11:02,660 INFO m-600-gap10 SeatWise       seed=11    2.33s same_paper=0     roll=0    access=0   dept=98
2026-09-21 18:11:05,157 INFO Plan solved
2026-09-21 18:11:05,161 INFO m-600-gap10 SeatWise       seed=12    2.50s same_paper=0     roll=0    access=0   dept=91
2026-09-21 18:11:07,591 INFO Plan solved
2026-09-21 18:11:07,595 INFO m-600-gap10 SeatWise       seed=13    2.43s same_paper=0     roll=0    access=0   dept=123
2026-09-21 18:11:07,603 INFO m-600-gap10 Sequential     seed=11    0.00s same_paper=1253  roll=921  access=6   dept=1648
2026-09-21 18:11:07,611 INFO m-600-gap10 Sequential     seed=12    0.00s same_paper=1253  roll=921  access=6   dept=1648
2026-09-21 18:11:07,619 INFO m-600-gap10 Sequential     seed=13    0.00s same_paper=1253  roll=921  access=6   dept=1648
2026-09-21 18:11:07,626 INFO m-600-gap10 Round-robin    seed=11    0.00s same_paper=281   roll=252  access=7   dept=324
2026-09-21 18:11:07,633 INFO m-600-gap10 Round-robin    seed=12    0.00s same_paper=281   roll=252  access=7   dept=324
2026-09-21 18:11:07,639 INFO m-600-gap10 Round-robin    seed=13    0.00s same_paper=281   roll=252  access=7   dept=324
2026-09-21 18:11:07,649 INFO m-600-gap10 Random shuffle seed=11    0.00s same_paper=273   roll=50   access=7   dept=378
2026-09-21 18:11:07,660 INFO m-600-gap10 Random shuffle seed=12    0.00s same_paper=258   roll=48   access=6   dept=356
2026-09-21 18:11:07,666 INFO m-600-gap10 Random shuffle seed=13    0.00s same_paper=263   roll=45   access=7   dept=364
2026-09-21 18:11:07,692 INFO Measuring predictability on m-600 over 6 seeds
2026-09-21 18:11:10,224 INFO Plan solved
2026-09-21 18:11:12,581 INFO Plan solved
2026-09-21 18:11:15,206 INFO Plan solved
2026-09-21 18:11:17,795 INFO Plan solved
2026-09-21 18:11:20,474 INFO Plan solved
2026-09-21 18:11:23,062 INFO Plan solved
2026-09-21 18:11:23,079 INFO SeatWise       {'seeds': 6, 'abs_roll_seat_correlation': 0.06456969787879041, 'neighbour_overlap': 0.010140170751938455, 'front_row_bias_pp': 4.710526315789476}
2026-09-21 18:11:23,101 INFO Sequential     {'seeds': 6, 'abs_roll_seat_correlation': 0.9999999999999999, 'neighbour_overlap': 1.0, 'front_row_bias_pp': 12.364341085271318}
2026-09-21 18:11:23,123 INFO Round-robin    {'seeds': 6, 'abs_roll_seat_correlation': 0.21267553520982, 'neighbour_overlap': 1.0, 'front_row_bias_pp': 3.3798449612403108}
2026-09-21 18:11:23,145 INFO Random shuffle {'seeds': 6, 'abs_roll_seat_correlation': 0.03413397444622531, 'neighbour_overlap': 0.010036252623545124, 'front_row_bias_pp': 1.6356589147286826}
2026-09-21 18:11:23,916 INFO Wrote D:\abstracts\Madhav\CSDS\A\CSDS-A-A13\8.ProjectCode\experiments\engine-benchmark-20260921\metrics.json
2026-09-21 18:11:23,916 INFO Wrote D:\abstracts\Madhav\CSDS\A\CSDS-A-A13\8.ProjectCode\models\engine_profile.json
2026-09-21 18:11:23,916 INFO Headline: {'scenario': 'm-600', 'candidates': 600, 'solve_s_mean': 2.356453466665698, 'hard_rules_satisfied_rate': 1.0, 'same_paper_pairs': 0.0, 'conflicts_avoided_vs_sequential': 1253.0, 'abs_roll_seat_correlation': 0.06456969787879041, 'neighbour_overlap': 0.010140170751938455, 'all_scenarios_solved': True, 'all_hard_rules_satisfied': True, 'max_solve_s': 6.135404500000732}
